// Jest Snapshot v1, https://goo.gl/fbAQLP

exports[`renders App 1`] = `
<DocumentFragment>
  <div
    class="MuiTypography-root MuiTypography-h6 MuiTypography-gutterBottom css-18k87ye-MuiTypography-root"
  >
    Processed Commands
  </div>
  <ul
    class="MuiList-root MuiList-padding css-h4y409-MuiList-root"
  >
    <li
      class="MuiListItem-root MuiListItem-gutters css-1nxmd3h-MuiListItem-root"
    >
      <div
        class="MuiListItemText-root css-tlelie-MuiListItemText-root"
      >
        <span
          class="MuiTypography-root MuiTypography-body1 MuiListItemText-primary css-10hburv-MuiTypography-root"
        >
          ash
        </span>
      </div>
    </li>
    <li
      class="MuiListItem-root MuiListItem-gutters css-1nxmd3h-MuiListItem-root"
    >
      <div
        class="MuiListItemText-root css-tlelie-MuiListItemText-root"
      >
        <span
          class="MuiTypography-root MuiTypography-body1 MuiListItemText-primary css-10hburv-MuiTypography-root"
        >
          wini
        </span>
      </div>
    </li>
  </ul>
</DocumentFragment>
`;
